// Jest Snapshot v1, https://goo.gl/fbAQLP

exports[`is expected that component will render correctly 1`] = `
<div>
  <h2>
    This is a testing application
  </h2>
  <button
    className="add-gift"
    onClick={[Function]}
  >
    Add Gift
  </button>
  <div
    className="gift-list"
  />
</div>
`;
